
> my-app@1.0.0 check:types
> tsc --noEmit

client/components/MathRender.tsx(61,51): error TS2339: Property 'data' does not exist on type 'Node'.
