
> my-app@1.0.0 check:types
> tsc --noEmit

client/components/ChapterCard.tsx(45,7): error TS2322: Type '{ children: Element; testID: string | undefined; delayPressIn: number; onPress: (() => void) | undefined; onPressIn: (() => void) | undefined; onPressOut: (() => void) | undefined; style: ({ pressed }: PressableStateCallbackType) => (false | ... 2 more ... | { ...; })[]; }' is not assignable to type 'IntrinsicAttributes & PressableProps & RefAttributes<View>'.
  Property 'delayPressIn' does not exist on type 'IntrinsicAttributes & PressableProps & RefAttributes<View>'.
client/components/ColorButton.tsx(55,7): error TS2322: Type '{ children: Element; testID: string | undefined; delayPressIn: number; onPress: () => void; onPressIn: () => void; onPressOut: () => void; style: ({ pressed }: PressableStateCallbackType) => (ViewStyle | ... 2 more ... | undefined)[]; }' is not assignable to type 'IntrinsicAttributes & PressableProps & RefAttributes<View>'.
  Property 'delayPressIn' does not exist on type 'IntrinsicAttributes & PressableProps & RefAttributes<View>'.
client/components/ErrorFallback.tsx(47,11): error TS2322: Type '{ children: Element; delayPressIn: number; onPress: () => void; style: ({ pressed }: PressableStateCallbackType) => ({ position: "absolute"; top: number; right: number; ... 6 more ...; zIndex: number; } | { ...; })[]; }' is not assignable to type 'IntrinsicAttributes & PressableProps & RefAttributes<View>'.
  Property 'delayPressIn' does not exist on type 'IntrinsicAttributes & PressableProps & RefAttributes<View>'.
client/components/ErrorFallback.tsx(71,11): error TS2322: Type '{ children: Element; delayPressIn: number; onPress: () => Promise<void>; style: ({ pressed }: PressableStateCallbackType) => ({ paddingVertical: number; ... 7 more ...; elevation: number; } | { ...; })[]; }' is not assignable to type 'IntrinsicAttributes & PressableProps & RefAttributes<View>'.
  Property 'delayPressIn' does not exist on type 'IntrinsicAttributes & PressableProps & RefAttributes<View>'.
client/components/ErrorFallback.tsx(105,19): error TS2322: Type '{ children: Element; delayPressIn: number; onPress: () => void; style: ({ pressed }: PressableStateCallbackType) => ({ padding: number; } | { opacity: number; })[]; }' is not assignable to type 'IntrinsicAttributes & PressableProps & RefAttributes<View>'.
  Property 'delayPressIn' does not exist on type 'IntrinsicAttributes & PressableProps & RefAttributes<View>'.
client/components/NavigationButtons.tsx(46,9): error TS2322: Type '{ children: Element; testID: string; delayPressIn: number; style: ({ pressed }: PressableStateCallbackType) => (false | { borderRadius: number; overflow: "hidden"; ... 4 more ...; shadowRadius: number; } | { ...; })[]; onPress: () => void; }' is not assignable to type 'IntrinsicAttributes & PressableProps & RefAttributes<View>'.
  Property 'delayPressIn' does not exist on type 'IntrinsicAttributes & PressableProps & RefAttributes<View>'.
client/components/NavigationButtons.tsx(81,11): error TS2322: Type '{ children: Element; testID: string; delayPressIn: number; style: ({ pressed }: PressableStateCallbackType) => (false | { borderRadius: number; overflow: "hidden"; ... 4 more ...; shadowRadius: number; } | { ...; })[]; onPress: () => void; }' is not assignable to type 'IntrinsicAttributes & PressableProps & RefAttributes<View>'.
  Property 'delayPressIn' does not exist on type 'IntrinsicAttributes & PressableProps & RefAttributes<View>'.
client/data/content/c7-sci-3.ts(3,14): error TS2741: Property 'examples' is missing in type '{ id: string; number: number; title: string; introduction: string; definitions: { term: string; description: string; }[]; keyPoints: string[]; formulas: never[]; crux: never[]; exercises: { id: string; name: string; questions: { ...; }[]; }[]; mcqs: { ...; }[]; summary: never[]; isHtmlView: false; }' but required in type 'ChapterContent'.
client/data/content/c9-sci-chem-1.ts(3,14): error TS2741: Property 'examples' is missing in type '{ id: string; number: number; title: string; introduction: string; definitions: { term: string; description: string; }[]; keyPoints: string[]; formulas: never[]; crux: never[]; mcqs: { id: string; question: string; options: string[]; correctAnswer: string; }[]; summary: never[]; exercises: { ...; }[]; }' but required in type 'ChapterContent'.
client/data/content/c9-sci-chem-2.ts(3,14): error TS2741: Property 'examples' is missing in type '{ id: string; number: number; title: string; introduction: string; definitions: { term: string; description: string; }[]; keyPoints: string[]; formulas: never[]; crux: never[]; mcqs: { id: string; question: string; options: string[]; correctAnswer: string; }[]; summary: never[]; exercises: { ...; }[]; }' but required in type 'ChapterContent'.
client/data/content/c9-sci-chem-3.ts(3,14): error TS2741: Property 'examples' is missing in type '{ id: string; number: number; title: string; introduction: string; definitions: { term: string; description: string; }[]; keyPoints: string[]; formulas: never[]; crux: never[]; mcqs: { id: string; question: string; options: string[]; correctAnswer: string; }[]; summary: never[]; exercises: { ...; }[]; }' but required in type 'ChapterContent'.
client/data/content/c9-sci-chem-4.ts(541,17): error TS2739: Type '{ id: string; solution: string[]; answer: string; }' is missing the following properties from type 'Question': number, question
client/data/content/c9-sci-phy-2.ts(106,21): error TS2353: Object literal may only specify known properties, and 'shortBoardPattern' does not exist in type 'Question'.
client/data/content/c9-sci-phy-2.ts(121,21): error TS2353: Object literal may only specify known properties, and 'shortBoardPattern' does not exist in type 'Question'.
client/data/content/c9-sci-phy-2.ts(132,21): error TS2353: Object literal may only specify known properties, and 'shortBoardPattern' does not exist in type 'Question'.
client/data/content/c9-sci-phy-2.ts(144,21): error TS2353: Object literal may only specify known properties, and 'shortBoardPattern' does not exist in type 'Question'.
client/data/content/c9-sci-phy-2.ts(161,21): error TS2353: Object literal may only specify known properties, and 'shortBoardPattern' does not exist in type 'Question'.
client/data/content/c9-sci-phy-2.ts(172,21): error TS2353: Object literal may only specify known properties, and 'shortBoardPattern' does not exist in type 'Question'.
client/data/content/c9-sci-phy-2.ts(194,21): error TS2353: Object literal may only specify known properties, and 'shortBoardPattern' does not exist in type 'Question'.
client/data/content/c9-sci-phy-2.ts(216,21): error TS2353: Object literal may only specify known properties, and 'shortBoardPattern' does not exist in type 'Question'.
client/data/content/c9-sci-phy-2.ts(233,21): error TS2353: Object literal may only specify known properties, and 'shortBoardPattern' does not exist in type 'Question'.
client/data/content/c9-sci-phy-2.ts(244,21): error TS2353: Object literal may only specify known properties, and 'shortBoardPattern' does not exist in type 'Question'.
client/data/content/c9-sci-phy-2.ts(255,21): error TS2353: Object literal may only specify known properties, and 'shortBoardPattern' does not exist in type 'Question'.
client/data/content/c9-sci-phy-2.ts(266,21): error TS2353: Object literal may only specify known properties, and 'shortBoardPattern' does not exist in type 'Question'.
client/data/content/c9-sci-phy-2.ts(286,21): error TS2353: Object literal may only specify known properties, and 'shortBoardPattern' does not exist in type 'Question'.
client/data/content/c9-sci-phy-2.ts(306,21): error TS2353: Object literal may only specify known properties, and 'shortBoardPattern' does not exist in type 'Question'.
client/data/content/c9-sci-phy-2.ts(323,21): error TS2353: Object literal may only specify known properties, and 'shortBoardPattern' does not exist in type 'Question'.
client/data/content/c9-sci-phy-2.ts(338,21): error TS2353: Object literal may only specify known properties, and 'shortBoardPattern' does not exist in type 'Question'.
client/data/content/c9-sci-phy-2.ts(349,21): error TS2353: Object literal may only specify known properties, and 'shortBoardPattern' does not exist in type 'Question'.
client/data/content/c9-sci-phy-2.ts(362,21): error TS2353: Object literal may only specify known properties, and 'shortBoardPattern' does not exist in type 'Question'.
client/data/content/c9-sci-phy-2.ts(379,21): error TS2353: Object literal may only specify known properties, and 'shortBoardPattern' does not exist in type 'Question'.
client/data/content/c9-sci-phy-2.ts(390,21): error TS2353: Object literal may only specify known properties, and 'shortBoardPattern' does not exist in type 'Question'.
client/data/content/c9-sci-phy-2.ts(409,21): error TS2353: Object literal may only specify known properties, and 'shortBoardPattern' does not exist in type 'Question'.
client/data/content/c9-sci-phy-2.ts(433,21): error TS2353: Object literal may only specify known properties, and 'shortBoardPattern' does not exist in type 'Question'.
client/data/content/c9-sci-phy-2.ts(452,21): error TS2353: Object literal may only specify known properties, and 'shortBoardPattern' does not exist in type 'Question'.
client/data/content/c9-sci-phy-2.ts(470,21): error TS2353: Object literal may only specify known properties, and 'shortBoardPattern' does not exist in type 'Question'.
client/data/content/c9-sci-phy-2.ts(481,21): error TS2353: Object literal may only specify known properties, and 'shortBoardPattern' does not exist in type 'Question'.
client/data/content/c9-sci-phy-2.ts(498,21): error TS2353: Object literal may only specify known properties, and 'shortBoardPattern' does not exist in type 'Question'.
client/data/content/c9-sci-phy-3.ts(108,21): error TS2353: Object literal may only specify known properties, and 'shortBoardPattern' does not exist in type 'Question'.
client/data/content/c9-sci-phy-3.ts(126,21): error TS2353: Object literal may only specify known properties, and 'shortBoardPattern' does not exist in type 'Question'.
client/data/content/c9-sci-phy-3.ts(138,21): error TS2353: Object literal may only specify known properties, and 'shortBoardPattern' does not exist in type 'Question'.
client/data/content/c9-sci-phy-3.ts(149,21): error TS2353: Object literal may only specify known properties, and 'shortBoardPattern' does not exist in type 'Question'.
client/data/content/c9-sci-phy-3.ts(165,21): error TS2353: Object literal may only specify known properties, and 'shortBoardPattern' does not exist in type 'Question'.
client/data/content/c9-sci-phy-3.ts(183,21): error TS2353: Object literal may only specify known properties, and 'shortBoardPattern' does not exist in type 'Question'.
client/data/content/c9-sci-phy-3.ts(195,21): error TS2353: Object literal may only specify known properties, and 'shortBoardPattern' does not exist in type 'Question'.
client/data/content/c9-sci-phy-3.ts(212,21): error TS2353: Object literal may only specify known properties, and 'shortBoardPattern' does not exist in type 'Question'.
client/data/content/c9-sci-phy-3.ts(229,21): error TS2353: Object literal may only specify known properties, and 'shortBoardPattern' does not exist in type 'Question'.
client/data/content/c9-sci-phy-3.ts(240,21): error TS2353: Object literal may only specify known properties, and 'shortBoardPattern' does not exist in type 'Question'.
client/data/content/c9-sci-phy-3.ts(256,21): error TS2353: Object literal may only specify known properties, and 'shortBoardPattern' does not exist in type 'Question'.
client/data/content/c9-sci-phy-3.ts(267,21): error TS2353: Object literal may only specify known properties, and 'shortBoardPattern' does not exist in type 'Question'.
client/data/content/c9-sci-phy-3.ts(290,21): error TS2353: Object literal may only specify known properties, and 'shortBoardPattern' does not exist in type 'Question'.
client/data/content/c9-sci-phy-3.ts(302,21): error TS2353: Object literal may only specify known properties, and 'shortBoardPattern' does not exist in type 'Question'.
client/data/content/c9-sci-phy-3.ts(314,21): error TS2353: Object literal may only specify known properties, and 'shortBoardPattern' does not exist in type 'Question'.
client/data/content/c9-sci-phy-3.ts(331,21): error TS2353: Object literal may only specify known properties, and 'shortBoardPattern' does not exist in type 'Question'.
client/data/content/c9-sci-phy-3.ts(343,21): error TS2353: Object literal may only specify known properties, and 'shortBoardPattern' does not exist in type 'Question'.
client/data/content/c9-sci-phy-3.ts(356,21): error TS2353: Object literal may only specify known properties, and 'shortBoardPattern' does not exist in type 'Question'.
client/data/content/c9-sci-phy-3.ts(369,21): error TS2353: Object literal may only specify known properties, and 'shortBoardPattern' does not exist in type 'Question'.
client/data/content/c9-sci-phy-3.ts(381,21): error TS2353: Object literal may only specify known properties, and 'shortBoardPattern' does not exist in type 'Question'.
client/data/content/c9-sci-phy-3.ts(395,21): error TS2353: Object literal may only specify known properties, and 'shortBoardPattern' does not exist in type 'Question'.
client/data/content/c9-sci-phy-3.ts(411,21): error TS2353: Object literal may only specify known properties, and 'shortBoardPattern' does not exist in type 'Question'.
client/data/content/c9-sci-phy-3.ts(423,21): error TS2353: Object literal may only specify known properties, and 'shortBoardPattern' does not exist in type 'Question'.
client/data/content/c9-sci-phy-3.ts(434,21): error TS2353: Object literal may only specify known properties, and 'shortBoardPattern' does not exist in type 'Question'.
client/data/content/c9-sci-phy-3.ts(445,21): error TS2353: Object literal may only specify known properties, and 'shortBoardPattern' does not exist in type 'Question'.
client/data/content/c9-sci-phy-3.ts(461,21): error TS2353: Object literal may only specify known properties, and 'shortBoardPattern' does not exist in type 'Question'.
client/data/content/c9-sci-phy-3.ts(474,21): error TS2353: Object literal may only specify known properties, and 'shortBoardPattern' does not exist in type 'Question'.
client/data/content/c9-sci-phy-3.ts(486,21): error TS2353: Object literal may only specify known properties, and 'shortBoardPattern' does not exist in type 'Question'.
client/data/content/c9-sci-phy-3.ts(500,21): error TS2353: Object literal may only specify known properties, and 'shortBoardPattern' does not exist in type 'Question'.
client/data/content/c9-sci-phy-3.ts(513,21): error TS2353: Object literal may only specify known properties, and 'shortBoardPattern' does not exist in type 'Question'.
client/data/content/c9-sci-phy-3.ts(525,21): error TS2353: Object literal may only specify known properties, and 'shortBoardPattern' does not exist in type 'Question'.
client/data/content/c9-sci-phy-3.ts(540,21): error TS2353: Object literal may only specify known properties, and 'shortBoardPattern' does not exist in type 'Question'.
client/data/content/c9-sci-phy-3.ts(551,21): error TS2353: Object literal may only specify known properties, and 'shortBoardPattern' does not exist in type 'Question'.
client/data/content/c9-sci-phy-4.ts(152,21): error TS2353: Object literal may only specify known properties, and 'shortBoardPattern' does not exist in type 'Question'.
client/data/content/c9-sci-phy-4.ts(168,21): error TS2353: Object literal may only specify known properties, and 'shortBoardPattern' does not exist in type 'Question'.
client/data/content/c9-sci-phy-4.ts(185,21): error TS2353: Object literal may only specify known properties, and 'shortBoardPattern' does not exist in type 'Question'.
client/data/content/c9-sci-phy-4.ts(197,21): error TS2353: Object literal may only specify known properties, and 'shortBoardPattern' does not exist in type 'Question'.
client/data/content/c9-sci-phy-4.ts(216,21): error TS2353: Object literal may only specify known properties, and 'shortBoardPattern' does not exist in type 'Question'.
client/data/content/c9-sci-phy-4.ts(227,21): error TS2353: Object literal may only specify known properties, and 'shortBoardPattern' does not exist in type 'Question'.
client/data/content/c9-sci-phy-4.ts(245,21): error TS2353: Object literal may only specify known properties, and 'shortBoardPattern' does not exist in type 'Question'.
client/data/content/c9-sci-phy-4.ts(257,21): error TS2353: Object literal may only specify known properties, and 'shortBoardPattern' does not exist in type 'Question'.
client/data/content/c9-sci-phy-4.ts(270,21): error TS2353: Object literal may only specify known properties, and 'shortBoardPattern' does not exist in type 'Question'.
client/data/content/c9-sci-phy-4.ts(282,21): error TS2353: Object literal may only specify known properties, and 'shortBoardPattern' does not exist in type 'Question'.
client/data/content/c9-sci-phy-4.ts(293,21): error TS2353: Object literal may only specify known properties, and 'shortBoardPattern' does not exist in type 'Question'.
client/data/content/c9-sci-phy-4.ts(307,21): error TS2353: Object literal may only specify known properties, and 'shortBoardPattern' does not exist in type 'Question'.
client/data/content/c9-sci-phy-4.ts(318,21): error TS2353: Object literal may only specify known properties, and 'shortBoardPattern' does not exist in type 'Question'.
client/data/content/c9-sci-phy-4.ts(329,21): error TS2353: Object literal may only specify known properties, and 'shortBoardPattern' does not exist in type 'Question'.
client/data/content/c9-sci-phy-4.ts(340,21): error TS2353: Object literal may only specify known properties, and 'shortBoardPattern' does not exist in type 'Question'.
client/data/content/c9-sci-phy-4.ts(351,21): error TS2353: Object literal may only specify known properties, and 'shortBoardPattern' does not exist in type 'Question'.
client/data/content/c9-sci-phy-4.ts(362,21): error TS2353: Object literal may only specify known properties, and 'shortBoardPattern' does not exist in type 'Question'.
client/data/content/c9-sci-phy-4.ts(376,21): error TS2353: Object literal may only specify known properties, and 'shortBoardPattern' does not exist in type 'Question'.
client/data/content/c9-sci-phy-4.ts(398,21): error TS2353: Object literal may only specify known properties, and 'shortBoardPattern' does not exist in type 'Question'.
client/data/content/c9-sci-phy-4.ts(415,21): error TS2353: Object literal may only specify known properties, and 'shortBoardPattern' does not exist in type 'Question'.
client/data/content/c9-sci-phy-4.ts(434,21): error TS2353: Object literal may only specify known properties, and 'shortBoardPattern' does not exist in type 'Question'.
client/data/content/c9-sci-phy-4.ts(447,21): error TS2353: Object literal may only specify known properties, and 'shortBoardPattern' does not exist in type 'Question'.
client/data/content/c9-sci-phy-4.ts(460,21): error TS2353: Object literal may only specify known properties, and 'shortBoardPattern' does not exist in type 'Question'.
client/data/content/c9-sci-phy-4.ts(483,21): error TS2353: Object literal may only specify known properties, and 'shortBoardPattern' does not exist in type 'Question'.
client/data/content/c9-sci-phy-4.ts(494,21): error TS2353: Object literal may only specify known properties, and 'shortBoardPattern' does not exist in type 'Question'.
client/data/content/c9-sci-phy-4.ts(505,21): error TS2353: Object literal may only specify known properties, and 'shortBoardPattern' does not exist in type 'Question'.
client/data/content/c9-sci-phy-4.ts(517,21): error TS2353: Object literal may only specify known properties, and 'shortBoardPattern' does not exist in type 'Question'.
client/data/content/c9-sci-phy-4.ts(533,21): error TS2353: Object literal may only specify known properties, and 'shortBoardPattern' does not exist in type 'Question'.
client/data/content/c9-sci-phy-5.ts(3,14): error TS2741: Property 'examples' is missing in type '{ id: string; number: number; title: string; introduction: string; definitions: { term: string; description: string; }[]; keyPoints: string[]; formulas: never[]; crux: never[]; mcqs: { id: string; question: string; options: string[]; correctAnswer: string; }[]; summary: never[]; exercises: { ...; }[]; }' but required in type 'ChapterContent'.
client/data/content/c9-sci-phy-6.ts(3,14): error TS2741: Property 'examples' is missing in type '{ id: string; number: number; title: string; introduction: string; definitions: { term: string; description: string; }[]; keyPoints: string[]; formulas: never[]; crux: never[]; mcqs: { id: string; question: string; options: string[]; correctAnswer: string; }[]; summary: never[]; exercises: { ...; }[]; }' but required in type 'ChapterContent'.
client/data/content/math-ch11.ts(31,27): error TS2353: Object literal may only specify known properties, and 'name' does not exist in type 'Example'.
client/data/content/math-ch12.ts(34,27): error TS2353: Object literal may only specify known properties, and 'name' does not exist in type 'Example'.
client/data/content/math-ch13.ts(34,27): error TS2353: Object literal may only specify known properties, and 'name' does not exist in type 'Example'.
client/data/content/math-ch3.ts(33,27): error TS2353: Object literal may only specify known properties, and 'name' does not exist in type 'Example'.
client/data/content/sci-bio-3.ts(107,17): error TS2741: Property 'answer' is missing in type '{ id: string; number: string; question: string; solution: string[]; }' but required in type 'Question'.
client/data/content/sci-bio-3.ts(115,17): error TS2741: Property 'answer' is missing in type '{ id: string; number: string; question: string; solution: string[]; }' but required in type 'Question'.
client/data/content/sci-bio-3.ts(129,17): error TS2741: Property 'answer' is missing in type '{ id: string; number: string; question: string; solution: string[]; }' but required in type 'Question'.
client/data/content/sci-bio-3.ts(137,17): error TS2741: Property 'answer' is missing in type '{ id: string; number: string; question: string; solution: string[]; }' but required in type 'Question'.
client/data/content/sci-bio-3.ts(145,17): error TS2741: Property 'answer' is missing in type '{ id: string; number: string; question: string; solution: string[]; }' but required in type 'Question'.
client/data/content/sci-bio-3.ts(153,17): error TS2741: Property 'answer' is missing in type '{ id: string; number: string; question: string; solution: string[]; }' but required in type 'Question'.
client/data/content/sci-bio-3.ts(161,17): error TS2741: Property 'answer' is missing in type '{ id: string; number: string; question: string; solution: string[]; }' but required in type 'Question'.
client/data/content/sci-bio-3.ts(175,17): error TS2741: Property 'answer' is missing in type '{ id: string; number: string; question: string; solution: string[]; }' but required in type 'Question'.
client/data/content/sci-bio-3.ts(183,17): error TS2741: Property 'answer' is missing in type '{ id: string; number: string; question: string; solution: string[]; }' but required in type 'Question'.
client/data/content/sci-bio-3.ts(191,17): error TS2741: Property 'answer' is missing in type '{ id: string; number: string; question: string; solution: string[]; }' but required in type 'Question'.
client/data/content/sci-bio-3.ts(199,17): error TS2741: Property 'answer' is missing in type '{ id: string; number: string; question: string; solution: string[]; }' but required in type 'Question'.
client/data/content/sci-bio-3.ts(207,17): error TS2741: Property 'answer' is missing in type '{ id: string; number: string; question: string; solution: string[]; }' but required in type 'Question'.
client/data/content/sci-bio-3.ts(221,17): error TS2741: Property 'answer' is missing in type '{ id: string; number: string; question: string; solution: string[]; }' but required in type 'Question'.
client/data/content/sci-bio-3.ts(229,17): error TS2741: Property 'answer' is missing in type '{ id: string; number: string; question: string; solution: string[]; }' but required in type 'Question'.
client/data/content/sci-bio-3.ts(237,17): error TS2741: Property 'answer' is missing in type '{ id: string; number: string; question: string; solution: string[]; }' but required in type 'Question'.
client/data/content/sci-bio-3.ts(245,17): error TS2741: Property 'answer' is missing in type '{ id: string; number: string; question: string; solution: string[]; }' but required in type 'Question'.
client/data/content/sci-bio-3.ts(253,17): error TS2741: Property 'answer' is missing in type '{ id: string; number: string; question: string; solution: string[]; }' but required in type 'Question'.
client/data/content/sci-bio-3.ts(261,17): error TS2741: Property 'answer' is missing in type '{ id: string; number: string; question: string; solution: string[]; }' but required in type 'Question'.
client/data/content/sci-bio-3.ts(269,17): error TS2741: Property 'answer' is missing in type '{ id: string; number: string; question: string; solution: string[]; }' but required in type 'Question'.
client/data/content/sci-bio-3.ts(277,17): error TS2741: Property 'answer' is missing in type '{ id: string; number: string; question: string; solution: string[]; }' but required in type 'Question'.
client/data/content/sci-bio-3.ts(285,17): error TS2741: Property 'answer' is missing in type '{ id: string; number: string; question: string; solution: string[]; }' but required in type 'Question'.
client/data/content/sci-bio-3.ts(293,17): error TS2741: Property 'answer' is missing in type '{ id: string; number: string; question: string; solution: string[]; }' but required in type 'Question'.
client/data/content/sci-bio-3.ts(301,17): error TS2741: Property 'answer' is missing in type '{ id: string; number: string; question: string; solution: string[]; }' but required in type 'Question'.
client/data/content/sci-chem-1.ts(126,21): error TS2353: Object literal may only specify known properties, and 'shortBoardPattern' does not exist in type 'Question'.
client/data/content/sci-chem-1.ts(138,21): error TS2353: Object literal may only specify known properties, and 'shortBoardPattern' does not exist in type 'Question'.
client/data/content/sci-chem-1.ts(149,21): error TS2353: Object literal may only specify known properties, and 'shortBoardPattern' does not exist in type 'Question'.
client/data/content/sci-chem-1.ts(168,21): error TS2353: Object literal may only specify known properties, and 'shortBoardPattern' does not exist in type 'Question'.
client/data/content/sci-chem-1.ts(182,21): error TS2353: Object literal may only specify known properties, and 'shortBoardPattern' does not exist in type 'Question'.
client/data/content/sci-chem-1.ts(202,21): error TS2353: Object literal may only specify known properties, and 'shortBoardPattern' does not exist in type 'Question'.
client/data/content/sci-chem-1.ts(214,21): error TS2353: Object literal may only specify known properties, and 'shortBoardPattern' does not exist in type 'Question'.
client/data/content/sci-chem-1.ts(229,21): error TS2353: Object literal may only specify known properties, and 'shortBoardPattern' does not exist in type 'Question'.
client/data/content/sci-chem-1.ts(246,21): error TS2353: Object literal may only specify known properties, and 'shortBoardPattern' does not exist in type 'Question'.
client/data/content/sci-chem-1.ts(257,21): error TS2353: Object literal may only specify known properties, and 'shortBoardPattern' does not exist in type 'Question'.
client/data/content/sci-chem-1.ts(268,21): error TS2353: Object literal may only specify known properties, and 'shortBoardPattern' does not exist in type 'Question'.
client/data/content/sci-chem-1.ts(279,21): error TS2353: Object literal may only specify known properties, and 'shortBoardPattern' does not exist in type 'Question'.
client/data/content/sci-chem-1.ts(292,21): error TS2353: Object literal may only specify known properties, and 'shortBoardPattern' does not exist in type 'Question'.
client/data/content/sci-chem-1.ts(305,21): error TS2353: Object literal may only specify known properties, and 'shortBoardPattern' does not exist in type 'Question'.
client/data/content/sci-chem-1.ts(318,21): error TS2353: Object literal may only specify known properties, and 'shortBoardPattern' does not exist in type 'Question'.
client/data/content/sci-chem-1.ts(331,21): error TS2353: Object literal may only specify known properties, and 'shortBoardPattern' does not exist in type 'Question'.
client/data/content/sci-chem-1.ts(342,21): error TS2353: Object literal may only specify known properties, and 'shortBoardPattern' does not exist in type 'Question'.
client/data/content/sci-chem-1.ts(353,21): error TS2353: Object literal may only specify known properties, and 'shortBoardPattern' does not exist in type 'Question'.
client/data/content/sci-chem-1.ts(364,21): error TS2353: Object literal may only specify known properties, and 'shortBoardPattern' does not exist in type 'Question'.
client/data/content/sci-chem-1.ts(377,21): error TS2353: Object literal may only specify known properties, and 'shortBoardPattern' does not exist in type 'Question'.
client/data/content/sci-chem-1.ts(388,21): error TS2353: Object literal may only specify known properties, and 'shortBoardPattern' does not exist in type 'Question'.
client/data/content/sci-chem-1.ts(399,21): error TS2353: Object literal may only specify known properties, and 'shortBoardPattern' does not exist in type 'Question'.
client/data/content/sci-chem-1.ts(410,21): error TS2353: Object literal may only specify known properties, and 'shortBoardPattern' does not exist in type 'Question'.
client/data/content/sci-chem-1.ts(421,21): error TS2353: Object literal may only specify known properties, and 'shortBoardPattern' does not exist in type 'Question'.
client/data/content/sci-chem-1.ts(434,21): error TS2353: Object literal may only specify known properties, and 'shortBoardPattern' does not exist in type 'Question'.
client/data/content/sci-chem-1.ts(444,21): error TS2353: Object literal may only specify known properties, and 'shortBoardPattern' does not exist in type 'Question'.
client/data/content/sci-chem-1.ts(454,21): error TS2353: Object literal may only specify known properties, and 'shortBoardPattern' does not exist in type 'Question'.
client/data/content/sci-chem-1.ts(466,21): error TS2353: Object literal may only specify known properties, and 'shortBoardPattern' does not exist in type 'Question'.
client/data/content/sci-chem-2.ts(120,21): error TS2353: Object literal may only specify known properties, and 'shortBoardPattern' does not exist in type 'Question'.
client/data/content/sci-chem-2.ts(132,21): error TS2353: Object literal may only specify known properties, and 'shortBoardPattern' does not exist in type 'Question'.
client/data/content/sci-chem-2.ts(150,21): error TS2353: Object literal may only specify known properties, and 'shortBoardPattern' does not exist in type 'Question'.
client/data/content/sci-chem-2.ts(162,21): error TS2353: Object literal may only specify known properties, and 'shortBoardPattern' does not exist in type 'Question'.
client/data/content/sci-chem-2.ts(174,21): error TS2353: Object literal may only specify known properties, and 'shortBoardPattern' does not exist in type 'Question'.
client/data/content/sci-chem-2.ts(186,21): error TS2353: Object literal may only specify known properties, and 'shortBoardPattern' does not exist in type 'Question'.
client/data/content/sci-chem-2.ts(199,21): error TS2353: Object literal may only specify known properties, and 'shortBoardPattern' does not exist in type 'Question'.
client/data/content/sci-chem-2.ts(216,21): error TS2353: Object literal may only specify known properties, and 'shortBoardPattern' does not exist in type 'Question'.
client/data/content/sci-chem-2.ts(228,21): error TS2353: Object literal may only specify known properties, and 'shortBoardPattern' does not exist in type 'Question'.
client/data/content/sci-chem-2.ts(245,21): error TS2353: Object literal may only specify known properties, and 'shortBoardPattern' does not exist in type 'Question'.
client/data/content/sci-chem-2.ts(256,21): error TS2353: Object literal may only specify known properties, and 'shortBoardPattern' does not exist in type 'Question'.
client/data/content/sci-chem-2.ts(267,21): error TS2353: Object literal may only specify known properties, and 'shortBoardPattern' does not exist in type 'Question'.
client/data/content/sci-chem-2.ts(279,21): error TS2353: Object literal may only specify known properties, and 'shortBoardPattern' does not exist in type 'Question'.
client/data/content/sci-chem-2.ts(290,21): error TS2353: Object literal may only specify known properties, and 'shortBoardPattern' does not exist in type 'Question'.
client/data/content/sci-chem-2.ts(302,21): error TS2353: Object literal may only specify known properties, and 'shortBoardPattern' does not exist in type 'Question'.
client/data/content/sci-chem-2.ts(313,21): error TS2353: Object literal may only specify known properties, and 'shortBoardPattern' does not exist in type 'Question'.
client/data/content/sci-chem-2.ts(326,21): error TS2353: Object literal may only specify known properties, and 'shortBoardPattern' does not exist in type 'Question'.
client/data/content/sci-chem-2.ts(337,21): error TS2353: Object literal may only specify known properties, and 'shortBoardPattern' does not exist in type 'Question'.
client/data/content/sci-chem-2.ts(348,21): error TS2353: Object literal may only specify known properties, and 'shortBoardPattern' does not exist in type 'Question'.
client/data/content/sci-chem-2.ts(359,21): error TS2353: Object literal may only specify known properties, and 'shortBoardPattern' does not exist in type 'Question'.
client/data/content/sci-chem-2.ts(370,21): error TS2353: Object literal may only specify known properties, and 'shortBoardPattern' does not exist in type 'Question'.
client/data/content/sci-chem-2.ts(381,21): error TS2353: Object literal may only specify known properties, and 'shortBoardPattern' does not exist in type 'Question'.
client/data/content/sci-chem-2.ts(393,21): error TS2353: Object literal may only specify known properties, and 'shortBoardPattern' does not exist in type 'Question'.
client/data/content/sci-chem-2.ts(406,21): error TS2353: Object literal may only specify known properties, and 'shortBoardPattern' does not exist in type 'Question'.
client/data/content/sci-chem-3.ts(121,21): error TS2353: Object literal may only specify known properties, and 'shortBoardPattern' does not exist in type 'Question'.
client/data/content/sci-chem-3.ts(133,21): error TS2353: Object literal may only specify known properties, and 'shortBoardPattern' does not exist in type 'Question'.
client/data/content/sci-chem-3.ts(151,21): error TS2353: Object literal may only specify known properties, and 'shortBoardPattern' does not exist in type 'Question'.
client/data/content/sci-chem-3.ts(166,21): error TS2353: Object literal may only specify known properties, and 'shortBoardPattern' does not exist in type 'Question'.
client/data/content/sci-chem-3.ts(189,21): error TS2353: Object literal may only specify known properties, and 'shortBoardPattern' does not exist in type 'Question'.
client/data/content/sci-chem-3.ts(201,21): error TS2353: Object literal may only specify known properties, and 'shortBoardPattern' does not exist in type 'Question'.
client/data/content/sci-chem-3.ts(213,21): error TS2353: Object literal may only specify known properties, and 'shortBoardPattern' does not exist in type 'Question'.
client/data/content/sci-chem-3.ts(232,21): error TS2353: Object literal may only specify known properties, and 'shortBoardPattern' does not exist in type 'Question'.
client/data/content/sci-chem-3.ts(243,21): error TS2353: Object literal may only specify known properties, and 'shortBoardPattern' does not exist in type 'Question'.
client/data/content/sci-chem-3.ts(262,21): error TS2353: Object literal may only specify known properties, and 'shortBoardPattern' does not exist in type 'Question'.
client/data/content/sci-chem-3.ts(273,21): error TS2353: Object literal may only specify known properties, and 'shortBoardPattern' does not exist in type 'Question'.
client/data/content/sci-chem-3.ts(284,21): error TS2353: Object literal may only specify known properties, and 'shortBoardPattern' does not exist in type 'Question'.
client/data/content/sci-chem-3.ts(313,21): error TS2353: Object literal may only specify known properties, and 'shortBoardPattern' does not exist in type 'Question'.
client/data/content/sci-chem-3.ts(324,21): error TS2353: Object literal may only specify known properties, and 'shortBoardPattern' does not exist in type 'Question'.
client/data/content/sci-chem-3.ts(336,21): error TS2353: Object literal may only specify known properties, and 'shortBoardPattern' does not exist in type 'Question'.
client/data/content/sci-chem-3.ts(341,766): error TS2353: Object literal may only specify known properties, and 'shortBoardPattern' does not exist in type 'Question'.
client/data/content/sci-chem-3.ts(342,746): error TS2353: Object literal may only specify known properties, and 'shortBoardPattern' does not exist in type 'Question'.
client/data/content/sci-chem-3.ts(343,829): error TS2353: Object literal may only specify known properties, and 'shortBoardPattern' does not exist in type 'Question'.
client/data/content/sci-chem-3.ts(344,766): error TS2353: Object literal may only specify known properties, and 'shortBoardPattern' does not exist in type 'Question'.
client/data/content/sci-chem-3.ts(345,1532): error TS2353: Object literal may only specify known properties, and 'shortBoardPattern' does not exist in type 'Question'.
client/data/content/sci-chem-3.ts(346,781): error TS2353: Object literal may only specify known properties, and 'shortBoardPattern' does not exist in type 'Question'.
client/data/content/sci-chem-3.ts(347,751): error TS2353: Object literal may only specify known properties, and 'shortBoardPattern' does not exist in type 'Question'.
client/data/content/sci-chem-3.ts(348,97170): error TS2353: Object literal may only specify known properties, and 'shortBoardPattern' does not exist in type 'Question'.
client/data/content/sci-chem-3.ts(349,91887): error TS2353: Object literal may only specify known properties, and 'shortBoardPattern' does not exist in type 'Question'.
client/data/content/sci-chem-3.ts(350,620): error TS2353: Object literal may only specify known properties, and 'shortBoardPattern' does not exist in type 'Question'.
client/data/content/sci-chem-3.ts(351,670): error TS2353: Object literal may only specify known properties, and 'shortBoardPattern' does not exist in type 'Question'.
client/data/content/sci-chem-3.ts(352,1700): error TS2353: Object literal may only specify known properties, and 'shortBoardPattern' does not exist in type 'Question'.
client/data/content/sci-chem-3.ts(353,980): error TS2353: Object literal may only specify known properties, and 'shortBoardPattern' does not exist in type 'Question'.
client/data/content/sci-chem-3.ts(354,1029): error TS2353: Object literal may only specify known properties, and 'shortBoardPattern' does not exist in type 'Question'.
client/data/content/sci-chem-3.ts(355,1452): error TS2353: Object literal may only specify known properties, and 'shortBoardPattern' does not exist in type 'Question'.
client/data/content/sci-chem-3.ts(356,890): error TS2353: Object literal may only specify known properties, and 'shortBoardPattern' does not exist in type 'Question'.
client/data/content/sci-chem-4.ts(123,21): error TS2353: Object literal may only specify known properties, and 'shortBoardPattern' does not exist in type 'Question'.
client/data/content/sci-chem-4.ts(141,21): error TS2353: Object literal may only specify known properties, and 'shortBoardPattern' does not exist in type 'Question'.
client/data/content/sci-chem-4.ts(155,21): error TS2353: Object literal may only specify known properties, and 'shortBoardPattern' does not exist in type 'Question'.
client/data/content/sci-chem-4.ts(167,21): error TS2353: Object literal may only specify known properties, and 'shortBoardPattern' does not exist in type 'Question'.
client/data/content/sci-chem-4.ts(185,21): error TS2353: Object literal may only specify known properties, and 'shortBoardPattern' does not exist in type 'Question'.
client/data/content/sci-chem-4.ts(196,21): error TS2353: Object literal may only specify known properties, and 'shortBoardPattern' does not exist in type 'Question'.
client/data/content/sci-chem-4.ts(207,21): error TS2353: Object literal may only specify known properties, and 'shortBoardPattern' does not exist in type 'Question'.
client/data/content/sci-chem-4.ts(219,21): error TS2353: Object literal may only specify known properties, and 'shortBoardPattern' does not exist in type 'Question'.
client/data/content/sci-chem-4.ts(230,21): error TS2353: Object literal may only specify known properties, and 'shortBoardPattern' does not exist in type 'Question'.
client/data/content/sci-chem-4.ts(241,21): error TS2353: Object literal may only specify known properties, and 'shortBoardPattern' does not exist in type 'Question'.
client/data/content/sci-chem-4.ts(260,21): error TS2353: Object literal may only specify known properties, and 'shortBoardPattern' does not exist in type 'Question'.
client/data/content/sci-chem-4.ts(272,21): error TS2353: Object literal may only specify known properties, and 'shortBoardPattern' does not exist in type 'Question'.
client/data/content/sci-chem-4.ts(283,21): error TS2353: Object literal may only specify known properties, and 'shortBoardPattern' does not exist in type 'Question'.
client/data/content/sci-chem-4.ts(294,21): error TS2353: Object literal may only specify known properties, and 'shortBoardPattern' does not exist in type 'Question'.
client/data/content/sci-chem-4.ts(310,21): error TS2353: Object literal may only specify known properties, and 'shortBoardPattern' does not exist in type 'Question'.
client/data/content/sci-chem-4.ts(320,21): error TS2353: Object literal may only specify known properties, and 'shortBoardPattern' does not exist in type 'Question'.
client/data/content/sci-chem-4.ts(330,21): error TS2353: Object literal may only specify known properties, and 'shortBoardPattern' does not exist in type 'Question'.
client/data/content/sci-chem-4.ts(342,21): error TS2353: Object literal may only specify known properties, and 'shortBoardPattern' does not exist in type 'Question'.
client/data/content/sci-chem-4.ts(357,21): error TS2353: Object literal may only specify known properties, and 'shortBoardPattern' does not exist in type 'Question'.
client/data/content/sci-chem-4.ts(362,580): error TS2353: Object literal may only specify known properties, and 'shortBoardPattern' does not exist in type 'Question'.
client/data/content/sci-chem-4.ts(363,666): error TS2353: Object literal may only specify known properties, and 'shortBoardPattern' does not exist in type 'Question'.
client/data/content/sci-chem-4.ts(364,624): error TS2353: Object literal may only specify known properties, and 'shortBoardPattern' does not exist in type 'Question'.
client/data/content/sci-chem-4.ts(365,574): error TS2353: Object literal may only specify known properties, and 'shortBoardPattern' does not exist in type 'Question'.
client/data/content/sci-chem-4.ts(372,180): error TS2353: Object literal may only specify known properties, and 'shortBoardPattern' does not exist in type 'Question'.
client/data/content/sci-chem-4.ts(373,868): error TS2353: Object literal may only specify known properties, and 'shortBoardPattern' does not exist in type 'Question'.
client/data/content/sci-chem-4.ts(374,1015): error TS2353: Object literal may only specify known properties, and 'shortBoardPattern' does not exist in type 'Question'.
client/data/content/sci-chem-4.ts(375,811): error TS2353: Object literal may only specify known properties, and 'shortBoardPattern' does not exist in type 'Question'.
client/data/content/sci-chem-4.ts(384,176): error TS2353: Object literal may only specify known properties, and 'shortBoardPattern' does not exist in type 'Question'.
client/data/content/sci-chem-4.ts(385,1117): error TS2353: Object literal may only specify known properties, and 'shortBoardPattern' does not exist in type 'Question'.
client/data/content/sci-chem-4.ts(386,874): error TS2353: Object literal may only specify known properties, and 'shortBoardPattern' does not exist in type 'Question'.
client/data/content/sci-chem-4.ts(387,1286): error TS2353: Object literal may only specify known properties, and 'shortBoardPattern' does not exist in type 'Question'.
client/data/content/sci-chem-4.ts(388,1130): error TS2353: Object literal may only specify known properties, and 'shortBoardPattern' does not exist in type 'Question'.
client/data/content/sci-chem-4.ts(389,1218): error TS2353: Object literal may only specify known properties, and 'shortBoardPattern' does not exist in type 'Question'.
client/data/content/sci-chem-4.ts(390,1594): error TS2353: Object literal may only specify known properties, and 'shortBoardPattern' does not exist in type 'Question'.
client/data/content/sci-phy-4.ts(622,9): error TS2353: Object literal may only specify known properties, and '"shortBoardPattern"' does not exist in type 'Question'.
client/screens/NoteEditorScreen.tsx(57,32): error TS2322: Type '{ children: Element; delayPressIn: number; onPress: () => void; style: { padding: number; }; }' is not assignable to type 'IntrinsicAttributes & PressableProps & RefAttributes<View>'.
  Property 'delayPressIn' does not exist on type 'IntrinsicAttributes & PressableProps & RefAttributes<View>'.
client/screens/NoteEditorScreen.tsx(64,25): error TS2322: Type '{ children: Element; delayPressIn: number; onPress: () => Promise<void>; disabled: boolean; style: (false | { padding: number; } | { opacity: number; })[]; }' is not assignable to type 'IntrinsicAttributes & PressableProps & RefAttributes<View>'.
  Property 'delayPressIn' does not exist on type 'IntrinsicAttributes & PressableProps & RefAttributes<View>'.
client/screens/QuickNotesScreen.tsx(97,19): error TS2322: Type '{ children: Element[]; key: string; delayPressIn: number; style: ({ borderRadius: number; padding: number; borderWidth: number; position: "relative"; overflow: "hidden"; flexDirection: "column"; justifyContent: "center"; } | { ...; })[]; onPress: () => void; onLongPress: () => void; }' is not assignable to type 'IntrinsicAttributes & PressableProps & RefAttributes<View>'.
  Property 'delayPressIn' does not exist on type 'IntrinsicAttributes & PressableProps & RefAttributes<View>'.
client/screens/QuickNotesScreen.tsx(128,11): error TS2322: Type '{ children: Element; delayPressIn: number; style: { position: "absolute"; bottom: number; right: number; width: number; height: number; borderRadius: number; backgroundColor: string; alignItems: "center"; ... 6 more ...; shadowRadius: number; }; onPress: () => void; }' is not assignable to type 'IntrinsicAttributes & PressableProps & RefAttributes<View>'.
  Property 'delayPressIn' does not exist on type 'IntrinsicAttributes & PressableProps & RefAttributes<View>'.
client/screens/QuizScreen.tsx(19,38): error TS2304: Cannot find name 'RootStackParamList'.
client/screens/QuizScreen.tsx(131,28): error TS2322: Type '{ children: Element; delayPressIn: number; style: { width: "100%"; borderRadius: number; overflow: "hidden"; elevation: number; shadowColor: string; shadowOffset: { width: number; height: number; }; shadowOpacity: number; shadowRadius: number; }; onPress: () => Promise<...>; }' is not assignable to type 'IntrinsicAttributes & PressableProps & RefAttributes<View>'.
  Property 'delayPressIn' does not exist on type 'IntrinsicAttributes & PressableProps & RefAttributes<View>'.
client/screens/QuizScreen.tsx(142,28): error TS2322: Type '{ children: Element; delayPressIn: number; style: { width: "100%"; borderRadius: number; overflow: "hidden"; elevation: number; shadowColor: string; shadowOffset: { width: number; height: number; }; shadowOpacity: number; shadowRadius: number; }; onPress: () => Promise<...>; }' is not assignable to type 'IntrinsicAttributes & PressableProps & RefAttributes<View>'.
  Property 'delayPressIn' does not exist on type 'IntrinsicAttributes & PressableProps & RefAttributes<View>'.
client/screens/QuizScreen.tsx(192,32): error TS2322: Type '{ children: Element; delayPressIn: number; onPress: () => void; style: { padding: number; }; }' is not assignable to type 'IntrinsicAttributes & PressableProps & RefAttributes<View>'.
  Property 'delayPressIn' does not exist on type 'IntrinsicAttributes & PressableProps & RefAttributes<View>'.
client/screens/QuizScreen.tsx(210,33): error TS2322: Type '{ children: (false | Element)[]; key: number; delayPressIn: number; style: (false | { flexDirection: "row"; alignItems: "center"; borderRadius: number; padding: number; borderWidth: number; borderColor: string; } | { ...; })[]; onPress: () => void; disabled: boolean; }' is not assignable to type 'IntrinsicAttributes & PressableProps & RefAttributes<View>'.
  Property 'delayPressIn' does not exist on type 'IntrinsicAttributes & PressableProps & RefAttributes<View>'.
client/screens/QuizScreen.tsx(279,36): error TS2322: Type '{ children: Element[]; delayPressIn: number; style: ({ flexDirection: "row"; paddingVertical: number; paddingHorizontal: number; alignItems: "center"; justifyContent: "center"; } | { ...; })[]; onPress: () => void; }' is not assignable to type 'IntrinsicAttributes & PressableProps & RefAttributes<View>'.
  Property 'delayPressIn' does not exist on type 'IntrinsicAttributes & PressableProps & RefAttributes<View>'.
client/screens/SolutionScreen.tsx(147,7): error TS2322: Type '{ children: Element; delayPressIn: number; style: ({ pressed }: PressableStateCallbackType) => (false | { flex: number; height: number; alignItems: "center"; ... 4 more ...; overflow: "hidden"; } | { ...; })[]; onPress: () => void; }' is not assignable to type 'IntrinsicAttributes & PressableProps & RefAttributes<View>'.
  Property 'delayPressIn' does not exist on type 'IntrinsicAttributes & PressableProps & RefAttributes<View>'.
client/screens/SolutionScreen.tsx(189,7): error TS2322: Type '{ children: Element; delayPressIn: number; style: ({ pressed }: PressableStateCallbackType) => (false | { paddingVertical: number; paddingHorizontal: number; ... 5 more ...; overflow: "hidden"; } | { ...; })[]; onPress: () => void; }' is not assignable to type 'IntrinsicAttributes & PressableProps & RefAttributes<View>'.
  Property 'delayPressIn' does not exist on type 'IntrinsicAttributes & PressableProps & RefAttributes<View>'.
