
> my-app@1.0.0 check:types
> tsc --noEmit

client/components/MathRender.tsx(61,51): error TS2339: Property 'data' does not exist on type 'Node'.
client/components/MathRender.tsx(81,31): error TS2339: Property 'fontSize' does not exist on type 'NativeBlockStyles'.
client/components/MathRender.tsx(82,28): error TS2339: Property 'color' does not exist on type 'NativeBlockStyles'.
